<?xml version="1.0" encoding="utf-8"?>
<dataset>
    <T_PLAYER_HAND PLAYER_ID="0" CARD_ID="0"/>
</dataset>