<?xml version="1.0" encoding="utf-8"?>
<!DOCTYPE dataset SYSTEM "src/test/resources/cahschema.dtd">
<dataset>
    <CAHPlayer ID="0" USER_ID="0" GAME_ID="0" JOIN_ORDER="0" />
    <CAHPlayer ID="1" USER_ID="1" GAME_ID="0" JOIN_ORDER="1" />
</dataset>