<?xml version="1.0" encoding="utf-8"?>
<dataset>
    <card text="First" type="0" dictionary_id="00000000-0000-0000-0000-000000000000"/>
    <card text="Test card" type="1" dictionary_id="00000000-0000-0000-0000-000000000000"/>
</dataset>