<?xml version="1.0" encoding="utf-8"?>
<dataset>
    <Card id="00000000-0000-0000-0000-000000000000" text="Test card" type="1" dictionary_id="00000000-0000-0000-0000-000000000000"/>
</dataset>