<?xml version="1.0" encoding="utf-8"?>
<dataset>
    <Game ROOM_ID="00000000-0000-0000-0000-000000000000" CREATOR_ID="00000000-0000-0000-0000-000000000000" DICTIONARY_ID="00000000-0000-0000-0000-000000000000"
          STATUS="1" MAX_NUMBER_OF_PLAYERS="1" NUMBER_OF_POINTS_TO_WIN="1"
          NUMBER_OF_ROUNDS_TO_END="1" PUNCTUATION_MODE="1" VOTATION_MODE="1" />
</dataset>