<?xml version="1.0" encoding="utf-8"?>
<dataset>
    <t_table_playervotes GAME_ID="0" PLAYER_ID="0" CARD_ID="0"/>
</dataset>