<?xml version="1.0" encoding="utf-8"?>
<dataset>
    <Game ROOM_ID="00000000-0000-0000-0000-000000000000" CREATOR_ID="00000000-0000-0000-0000-000000000000" DICTIONARY_ID="00000000-0000-0000-0000-000000000000"
          STATUS="3" MAX_NUMBER_OF_PLAYERS="3" NUMBER_OF_POINTS_TO_WIN="1"
          NUMBER_OF_ROUNDS_TO_END="1" PUNCTUATION_MODE="1" VOTATION_MODE="1" />
    <Game ROOM_ID="11111111-1111-1111-1111-111111111111" CREATOR_ID="11111111-1111-1111-1111-111111111111" DICTIONARY_ID="00000000-0000-0000-0000-000000000000"
          STATUS="0" MAX_NUMBER_OF_PLAYERS="3" NUMBER_OF_POINTS_TO_WIN="1"
          NUMBER_OF_ROUNDS_TO_END="1" PUNCTUATION_MODE="1" VOTATION_MODE="1" />
    <Game ROOM_ID="33333333-3333-3333-3333-333333333333" CREATOR_ID="88888888-8888-8888-8888-888888888888" DICTIONARY_ID="00000000-0000-0000-0000-000000000000"
          STATUS="1" MAX_NUMBER_OF_PLAYERS="3" NUMBER_OF_POINTS_TO_WIN="1"
          NUMBER_OF_ROUNDS_TO_END="1" PUNCTUATION_MODE="1" VOTATION_MODE="1" />
</dataset>