<?xml version="1.0" encoding="utf-8"?>
<dataset>
    <dictionary_collaborator user_id="0" dictionary_id="0" can_edit="true" accepted="false"/>
</dataset>