<?xml version="1.0" encoding="utf-8"?>
<!DOCTYPE dataset SYSTEM "src/test/resources/cahschema.dtd">
<dataset>
    <Dictionary ID="0" NAME="Otro nombre" SHARED="false" PUBLISHED="false" CREATOR_ID="0" LANG_ID="es"/>
</dataset>