<?xml version="1.0" encoding="utf-8"?>
<dataset>
    <DICTIONARY_COLLABORATOR user_id="00000000-0000-0000-0000-000000000000" dictionary_id="00000000-0000-0000-0000-000000000000" can_edit="true" accepted="true"/>
</dataset>