<?xml version="1.0" encoding="utf-8"?>
<!DOCTYPE dataset SYSTEM "src/test/resources/schema.dtd">
<dataset>
    <T_DICTIONARY ID="0" NAME="First" SHARED="true" PUBLISHED="true" CREATOR_ID="0" LANG_ID="es"/>
    <T_DICTIONARY ID="1" NAME="Test deck" SHARED="true" PUBLISHED="true" CREATOR_ID="0" LANG_ID="es"/>
</dataset>