<?xml version="1.0" encoding="utf-8"?>
<dataset>
    <T_PLAYER_DECK PLAYER_ID="10" CARD_ID="3"/>
</dataset>