<?xml version="1.0" encoding="utf-8"?>
<!DOCTYPE dataset SYSTEM "src/test/resources/cahschema.dtd">
<dataset>
    <Game ID="1" STATUS="0" ROOM_ID="2" CREATOR_ID="3" DICTIONARY_ID="0" MAXNUMBEROFPLAYERS="1" NUMBEROFCARDSTOWIN="1"
          NUMBEROFROUNDS="1" PUNCTUATIONMODE="1" VOTATIONMODE="1"/>
    <Game ID="10" STATUS="0" ROOM_ID="0" CREATOR_ID="0" DICTIONARY_ID="0" MAXNUMBEROFPLAYERS="1" NUMBEROFCARDSTOWIN="1"
          NUMBEROFROUNDS="1" PUNCTUATIONMODE="1" VOTATIONMODE="1"/>
    <Game ID="11" STATUS="0" ROOM_ID="1" CREATOR_ID="1" DICTIONARY_ID="0" MAXNUMBEROFPLAYERS="1" NUMBEROFCARDSTOWIN="1"
          NUMBEROFROUNDS="1" PUNCTUATIONMODE="1" VOTATIONMODE="1"/>
    <Game ID="12" STATUS="1" ROOM_ID="3" CREATOR_ID="2" DICTIONARY_ID="0" MAXNUMBEROFPLAYERS="1" NUMBEROFCARDSTOWIN="1"
          NUMBEROFROUNDS="1" PUNCTUATIONMODE="1" VOTATIONMODE="1"/>
</dataset>