<?xml version="1.0" encoding="utf-8"?>
<dataset>
    <Card TEXT="Second black card" TYPE="0" DICTIONARY_ID="00000000-0000-0000-0000-000000000000" />
    <Card TEXT="Third black card" TYPE="0" DICTIONARY_ID="00000000-0000-0000-0000-000000000000" />
    <Card TEXT="First white card" TYPE="1" DICTIONARY_ID="00000000-0000-0000-0000-000000000000" />
    <Card TEXT="Second white card" TYPE="1" DICTIONARY_ID="00000000-0000-0000-0000-000000000000" />
    <Card TEXT="Third white card" TYPE="1" DICTIONARY_ID="00000000-0000-0000-0000-000000000000" />
    <Card TEXT="Fourth white card" TYPE="1" DICTIONARY_ID="00000000-0000-0000-0000-000000000000" />
    <Card TEXT="Fifth white card" TYPE="1" DICTIONARY_ID="00000000-0000-0000-0000-000000000000" />
    <Card TEXT="Sixth white card" TYPE="1" DICTIONARY_ID="00000000-0000-0000-0000-000000000000" />
    <Card TEXT="Seventh white card" TYPE="1" DICTIONARY_ID="00000000-0000-0000-0000-000000000000" />
    <Card TEXT="Eighth white card" TYPE="1" DICTIONARY_ID="00000000-0000-0000-0000-000000000000" />
    <Card TEXT="Nineth white card" TYPE="1" DICTIONARY_ID="00000000-0000-0000-0000-000000000000" />
    <Card TEXT="Tenth white card" TYPE="1" DICTIONARY_ID="00000000-0000-0000-0000-000000000000" />
    <Card TEXT="Eleventh white card" TYPE="1" DICTIONARY_ID="00000000-0000-0000-0000-000000000000" />
    <Card TEXT="Twelveth white card" TYPE="1" DICTIONARY_ID="00000000-0000-0000-0000-000000000000" />
    <Card TEXT="Thirdteenth white card" TYPE="1" DICTIONARY_ID="00000000-0000-0000-0000-000000000000" />
    <Card TEXT="Fourthteenth white card" TYPE="1" DICTIONARY_ID="00000000-0000-0000-0000-000000000000" />
    <Card TEXT="Fifthteenth white card" TYPE="1" DICTIONARY_ID="00000000-0000-0000-0000-000000000000" />
    <Card TEXT="Another black card" TYPE="0" DICTIONARY_ID="11111111-1111-1111-1111-111111111111" />
    <Card TEXT="Another white card" TYPE="1" DICTIONARY_ID="11111111-1111-1111-1111-111111111111" />
</dataset>