<?xml version="1.0" encoding="utf-8"?>
<dataset>
    <Game ROOM_ID="1" CREATOR_ID="1" DICTIONARY_ID="0" STATUS="0" MAX_NUMBER_OF_PLAYERS="1" NUMBER_OF_POINTS_TO_WIN="1"
          NUMBER_OF_ROUNDS="1" PUNCTUATION_MODE="1" VOTATION_MODE="1"/>
    <Game ROOM_ID="3" CREATOR_ID="2" DICTIONARY_ID="0" STATUS="1" MAX_NUMBER_OF_PLAYERS="1" NUMBER_OF_POINTS_TO_WIN="1"
          NUMBER_OF_ROUNDS="1" PUNCTUATION_MODE="1" VOTATION_MODE="1"/>
</dataset>