<?xml version="1.0" encoding="utf-8"?>
<dataset>
    <Round ID="00000000-0000-0000-0000-000000000000" GAME_ID="11111111-1111-1111-1111-111111111111" STATUS="2" ROUND_NUMBER="0" ROUND_BLACK_CARD_ID="00000000-0000-0000-0000-000000000000" ROUND_PRESIDENT_ID="00000000-0000-0000-0000-000000000000"/>
</dataset>