<?xml version="1.0" encoding="utf-8"?>
<!DOCTYPE dataset SYSTEM "src/test/resources/cahschema.dtd">
<dataset>
    <Room ID="0" NAME="First" ACTIVE="true" />
    <Room ID="1" NAME="Second" ACTIVE="true" />
    <Room ID="2" NAME="Test room" ACTIVE="true" />
</dataset>